mysql> CHANGE MASTER TO MASTER_HOST="192.168.11.150", MASTER_PORT=3306, MASTER_USER="repl", MASTER_PASSWORD="!OtusLinux2018", MASTER_AUTO_POSITION=1;
Query OK, 0 rows affected, 2 warnings (0.02 sec)

mysql> START SLAVE;
Query OK, 0 rows affected (0.01 sec)

mysql> SHOW SLAVE STATUS \G
*************************** 1. row ***************************
               Slave_IO_State: Waiting for master to send event
                  Master_Host: 192.168.11.150
                  Master_User: repl
                  Master_Port: 3306
                Connect_Retry: 60
              Master_Log_File: mysql-bin.000002
          Read_Master_Log_Pos: 119568
               Relay_Log_File: slave-relay-bin.000002
                Relay_Log_Pos: 119781
        Relay_Master_Log_File: mysql-bin.000002
             Slave_IO_Running: Yes
            Slave_SQL_Running: Yes
              Replicate_Do_DB: 
          Replicate_Ignore_DB: 
           Replicate_Do_Table: 
       Replicate_Ignore_Table: bet.events_on_demand,bet.v_same_event
      Replicate_Wild_Do_Table: 
  Replicate_Wild_Ignore_Table: 
                   Last_Errno: 0
                   Last_Error: 
                 Skip_Counter: 0
          Exec_Master_Log_Pos: 119568
              Relay_Log_Space: 119988
              Until_Condition: None
               Until_Log_File: 
                Until_Log_Pos: 0
           Master_SSL_Allowed: No
           Master_SSL_CA_File: 
           Master_SSL_CA_Path: 
              Master_SSL_Cert: 
            Master_SSL_Cipher: 
               Master_SSL_Key: 
        Seconds_Behind_Master: 0
Master_SSL_Verify_Server_Cert: No
                Last_IO_Errno: 0
                Last_IO_Error: 
               Last_SQL_Errno: 0
               Last_SQL_Error: 
  Replicate_Ignore_Server_Ids: 
             Master_Server_Id: 1
                  Master_UUID: 2ce082c0-95e7-11e9-a0ef-52540075dc3d
             Master_Info_File: /var/lib/mysql/master.info
                    SQL_Delay: 0
          SQL_Remaining_Delay: NULL
      Slave_SQL_Running_State: Slave has read all relay log; waiting for more updates
           Master_Retry_Count: 86400
                  Master_Bind: 
      Last_IO_Error_Timestamp: 
     Last_SQL_Error_Timestamp: 
               Master_SSL_Crl: 
           Master_SSL_Crlpath: 
           Retrieved_Gtid_Set: 2ce082c0-95e7-11e9-a0ef-52540075dc3d:1-39
            Executed_Gtid_Set: 2ce082c0-95e7-11e9-a0ef-52540075dc3d:1-39,
6adc704d-95e8-11e9-a933-52540075dc3d:1
                Auto_Position: 1
         Replicate_Rewrite_DB: 
                 Channel_Name: 
           Master_TLS_Version: 
1 row in set (0.00 sec)

mysql>   
mysql> SHOW DATABASES;     
+--------------------+
| Database           |
+--------------------+
| information_schema |
| bet                |
| mysql              |
| performance_schema |
| sys                |
+--------------------+
5 rows in set (0.00 sec)

mysql> USE bet;
Reading table information for completion of table and column names
You can turn off this feature to get a quicker startup with -A

Database changed
mysql> SHOW TABLES;
+---------------+
| Tables_in_bet |
+---------------+
| bookmaker     |
| competition   |
| market        |
| odds          |
| outcome       |
+---------------+
5 rows in set (0.00 sec)

mysql> SELECT * FROM bookmaker;
+----+----------------+
| id | bookmaker_name |
+----+----------------+
|  4 | betway         |
|  5 | bwin           |
|  6 | ladbrokes      |
|  3 | unibet         |
+----+----------------+
4 rows in set (0.00 sec)

mysql> 
mysql> 
mysql> SELECT * FROM bookmaker;
+----+----------------+
| id | bookmaker_name |
+----+----------------+
|  1 | 1xbet          |
|  4 | betway         |
|  5 | bwin           |
|  6 | ladbrokes      |
|  3 | unibet         |
+----+----------------+
5 rows in set (0.00 sec)

mysql>
